------------------------------------------------------------
Timing Analyzer Summary
------------------------------------------------------------

Type  : Slow 1200mV 85C Model Setup 'clk'
Slack : -2.649
TNS   : -57.396

Type  : Slow 1200mV 85C Model Setup 'clkIn'
Slack : -2.453
TNS   : -10.865

Type  : Slow 1200mV 85C Model Hold 'clk'
Slack : 0.404
TNS   : 0.000

Type  : Slow 1200mV 85C Model Hold 'clkIn'
Slack : 0.642
TNS   : 0.000

Type  : Slow 1200mV 85C Model Minimum Pulse Width 'clkIn'
Slack : -3.000
TNS   : -14.565

Type  : Slow 1200mV 85C Model Minimum Pulse Width 'clk'
Slack : -1.285
TNS   : -48.830

Type  : Slow 1200mV 0C Model Setup 'clk'
Slack : -2.350
TNS   : -49.422

Type  : Slow 1200mV 0C Model Setup 'clkIn'
Slack : -2.181
TNS   : -8.899

Type  : Slow 1200mV 0C Model Hold 'clk'
Slack : 0.356
TNS   : 0.000

Type  : Slow 1200mV 0C Model Hold 'clkIn'
Slack : 0.588
TNS   : 0.000

Type  : Slow 1200mV 0C Model Minimum Pulse Width 'clkIn'
Slack : -3.000
TNS   : -14.565

Type  : Slow 1200mV 0C Model Minimum Pulse Width 'clk'
Slack : -1.285
TNS   : -48.830

Type  : Fast 1200mV 0C Model Setup 'clkIn'
Slack : -0.748
TNS   : -0.947

Type  : Fast 1200mV 0C Model Setup 'clk'
Slack : -0.729
TNS   : -11.774

Type  : Fast 1200mV 0C Model Hold 'clk'
Slack : 0.179
TNS   : 0.000

Type  : Fast 1200mV 0C Model Hold 'clkIn'
Slack : 0.294
TNS   : 0.000

Type  : Fast 1200mV 0C Model Minimum Pulse Width 'clkIn'
Slack : -3.000
TNS   : -12.558

Type  : Fast 1200mV 0C Model Minimum Pulse Width 'clk'
Slack : -1.000
TNS   : -38.000

------------------------------------------------------------
