Flow report for MIPSProcessor
Sat Jul 28 20:40:03 2018
Quartus Prime Version 18.0.0 Build 614 04/24/2018 SJ Lite Edition


---------------------
; Table of Contents ;
---------------------
  1. Legal Notice
  2. Flow Summary
  3. Flow Settings
  4. Flow Non-Default Global Settings
  5. Flow Elapsed Time
  6. Flow OS Summary
  7. Flow Log
  8. Flow Messages
  9. Flow Suppressed Messages



----------------
; Legal Notice ;
----------------
Copyright (C) 2018  Intel Corporation. All rights reserved.
Your use of Intel Corporation's design tools, logic functions 
and other software and tools, and its AMPP partner logic 
functions, and any output files from any of the foregoing 
(including device programming or simulation files), and any 
associated documentation or information are expressly subject 
to the terms and conditions of the Intel Program License 
Subscription Agreement, the Intel Quartus Prime License Agreement,
the Intel FPGA IP License Agreement, or other applicable license
agreement, including, without limitation, that your use is for
the sole purpose of programming logic devices manufactured by
Intel and sold by Intel or its authorized distributors.  Please
refer to the applicable agreement for further details.



+----------------------------------------------------------------------------------+
; Flow Summary                                                                     ;
+------------------------------------+---------------------------------------------+
; Flow Status                        ; Successful - Sat Jul 28 20:40:03 2018       ;
; Quartus Prime Version              ; 18.0.0 Build 614 04/24/2018 SJ Lite Edition ;
; Revision Name                      ; MIPSProcessor                               ;
; Top-level Entity Name              ; Main                                        ;
; Family                             ; Cyclone IV E                                ;
; Device                             ; EP4CE115F29C7                               ;
; Timing Models                      ; Final                                       ;
; Total logic elements               ; 8,676                                       ;
;     Total combinational functions  ; 7,481                                       ;
;     Dedicated logic registers      ; 1,794                                       ;
; Total registers                    ; 1794                                        ;
; Total pins                         ; 9                                           ;
; Total virtual pins                 ; 0                                           ;
; Total memory bits                  ; 2,097,120                                   ;
; Embedded Multiplier 9-bit elements ; 28                                          ;
; Total PLLs                         ; 0                                           ;
+------------------------------------+---------------------------------------------+


+-----------------------------------------+
; Flow Settings                           ;
+-------------------+---------------------+
; Option            ; Setting             ;
+-------------------+---------------------+
; Start date & time ; 07/28/2018 20:39:21 ;
; Main task         ; Compilation         ;
; Revision Name     ; MIPSProcessor       ;
+-------------------+---------------------+


+------------------------------------------------------------------------------------------------------------------------------------------------------------------------------+
; Flow Non-Default Global Settings                                                                                                                                             ;
+-------------------------------------+-------------------------------------------------------------------------+---------------+-----------------------+----------------------+
; Assignment Name                     ; Value                                                                   ; Default Value ; Entity Name           ; Section Id           ;
+-------------------------------------+-------------------------------------------------------------------------+---------------+-----------------------+----------------------+
; COMPILER_SIGNATURE_ID               ; 52229457043.153282476110085                                             ; --            ; --                    ; --                   ;
; EDA_INPUT_DATA_FORMAT               ; Vqm                                                                     ; --            ; --                    ; eda_design_synthesis ;
; EDA_OUTPUT_DATA_FORMAT              ; Systemverilog Hdl                                                       ; --            ; --                    ; eda_simulation       ;
; EDA_SIMULATION_TOOL                 ; ModelSim-Altera (SystemVerilog)                                         ; <None>        ; --                    ; --                   ;
; EDA_TIME_SCALE                      ; 1 ps                                                                    ; --            ; --                    ; eda_simulation       ;
; ENABLE_SIGNALTAP                    ; Off                                                                     ; --            ; --                    ; --                   ;
; MAX_CORE_JUNCTION_TEMP              ; 85                                                                      ; --            ; --                    ; --                   ;
; MIN_CORE_JUNCTION_TEMP              ; 0                                                                       ; --            ; --                    ; --                   ;
; MISC_FILE                           ; ProcessorClockEnabler/synthesis/../ProcessorClockEnabler.cmp            ; --            ; --                    ; --                   ;
; MISC_FILE                           ; ProcessorClockEnabler/synthesis/../../ProcessorClockEnabler.qsys        ; --            ; --                    ; --                   ;
; MISC_FILE                           ; RAM32Bit_inst.v                                                         ; --            ; --                    ; --                   ;
; MISC_FILE                           ; RAM32Bit_bb.v                                                           ; --            ; --                    ; --                   ;
; NUM_PARALLEL_PROCESSORS             ; All                                                                     ; --            ; --                    ; --                   ;
; PARTITION_COLOR                     ; -- (Not supported for targeted family)                                  ; --            ; Main                  ; Top                  ;
; PARTITION_FITTER_PRESERVATION_LEVEL ; -- (Not supported for targeted family)                                  ; --            ; Main                  ; Top                  ;
; PARTITION_NETLIST_TYPE              ; -- (Not supported for targeted family)                                  ; --            ; Main                  ; Top                  ;
; POWER_BOARD_THERMAL_MODEL           ; None (CONSERVATIVE)                                                     ; --            ; --                    ; --                   ;
; POWER_PRESET_COOLING_SOLUTION       ; 23 MM HEAT SINK WITH 200 LFPM AIRFLOW                                   ; --            ; --                    ; --                   ;
; PROJECT_OUTPUT_DIRECTORY            ; output_files                                                            ; --            ; --                    ; --                   ;
; SLD_FILE                            ; ProcessorClockEnabler/synthesis/ProcessorClockEnabler.debuginfo         ; --            ; --                    ; --                   ;
; SLD_INFO                            ; QSYS_NAME ProcessorClockEnabler HAS_SOPCINFO 1 GENERATION_ID 1532379481 ; --            ; ProcessorClockEnabler ; --                   ;
; SOPCINFO_FILE                       ; ProcessorClockEnabler/synthesis/../../ProcessorClockEnabler.sopcinfo    ; --            ; --                    ; --                   ;
; STATE_MACHINE_PROCESSING            ; User-Encoded                                                            ; Auto          ; --                    ; --                   ;
; SYNTHESIS_ONLY_QIP                  ; On                                                                      ; --            ; --                    ; --                   ;
; TOP_LEVEL_ENTITY                    ; Main                                                                    ; MIPSProcessor ; --                    ; --                   ;
; USE_SIGNALTAP_FILE                  ; STPrs232.stp                                                            ; --            ; --                    ; --                   ;
; VERILOG_INPUT_VERSION               ; SystemVerilog_2005                                                      ; Verilog_2001  ; --                    ; --                   ;
; VERILOG_SHOW_LMF_MAPPING_MESSAGES   ; Off                                                                     ; --            ; --                    ; --                   ;
+-------------------------------------+-------------------------------------------------------------------------+---------------+-----------------------+----------------------+


+--------------------------------------------------------------------------------------------------------------------------+
; Flow Elapsed Time                                                                                                        ;
+----------------------+--------------+-------------------------+---------------------+------------------------------------+
; Module Name          ; Elapsed Time ; Average Processors Used ; Peak Virtual Memory ; Total CPU Time (on all processors) ;
+----------------------+--------------+-------------------------+---------------------+------------------------------------+
; Analysis & Synthesis ; 00:00:40     ; 1.0                     ; 1031 MB             ; 00:00:52                           ;
; Total                ; 00:00:40     ; --                      ; --                  ; 00:00:52                           ;
+----------------------+--------------+-------------------------+---------------------+------------------------------------+


+----------------------------------------------------------------------------------------+
; Flow OS Summary                                                                        ;
+----------------------+------------------+----------------+------------+----------------+
; Module Name          ; Machine Hostname ; OS Name        ; OS Version ; Processor type ;
+----------------------+------------------+----------------+------------+----------------+
; Analysis & Synthesis ; ubuntu           ; Ubuntu 16.04.5 ; 16         ; x86_64         ;
+----------------------+------------------+----------------+------------+----------------+


------------
; Flow Log ;
------------
quartus_map --read_settings_files=on --write_settings_files=off MIPSProcessor -c MIPSProcessor



