------------------------------------------------------------
Timing Analyzer Summary
------------------------------------------------------------

Type  : Slow 1200mV 85C Model Setup 'clkIn'
Slack : 17.507
TNS   : 0.000

Type  : Slow 1200mV 85C Model Setup 'clk'
Slack : 22.664
TNS   : 0.000

Type  : Slow 1200mV 85C Model Setup 'altera_reserved_tck'
Slack : 41.357
TNS   : 0.000

Type  : Slow 1200mV 85C Model Hold 'clk'
Slack : 0.331
TNS   : 0.000

Type  : Slow 1200mV 85C Model Hold 'clkIn'
Slack : 0.383
TNS   : 0.000

Type  : Slow 1200mV 85C Model Hold 'altera_reserved_tck'
Slack : 0.403
TNS   : 0.000

Type  : Slow 1200mV 85C Model Recovery 'altera_reserved_tck'
Slack : 95.308
TNS   : 0.000

Type  : Slow 1200mV 85C Model Recovery 'clk'
Slack : 109.280
TNS   : 0.000

Type  : Slow 1200mV 85C Model Removal 'altera_reserved_tck'
Slack : 1.169
TNS   : 0.000

Type  : Slow 1200mV 85C Model Removal 'clk'
Slack : 9.509
TNS   : 0.000

Type  : Slow 1200mV 85C Model Minimum Pulse Width 'clkIn'
Slack : 9.756
TNS   : 0.000

Type  : Slow 1200mV 85C Model Minimum Pulse Width 'altera_reserved_tck'
Slack : 49.575
TNS   : 0.000

Type  : Slow 1200mV 85C Model Minimum Pulse Width 'clk'
Slack : 59.581
TNS   : 0.000

Type  : Slow 1200mV 0C Model Setup 'clkIn'
Slack : 17.773
TNS   : 0.000

Type  : Slow 1200mV 0C Model Setup 'clk'
Slack : 32.079
TNS   : 0.000

Type  : Slow 1200mV 0C Model Setup 'altera_reserved_tck'
Slack : 42.085
TNS   : 0.000

Type  : Slow 1200mV 0C Model Hold 'clkIn'
Slack : 0.334
TNS   : 0.000

Type  : Slow 1200mV 0C Model Hold 'clk'
Slack : 0.336
TNS   : 0.000

Type  : Slow 1200mV 0C Model Hold 'altera_reserved_tck'
Slack : 0.354
TNS   : 0.000

Type  : Slow 1200mV 0C Model Recovery 'altera_reserved_tck'
Slack : 95.748
TNS   : 0.000

Type  : Slow 1200mV 0C Model Recovery 'clk'
Slack : 110.303
TNS   : 0.000

Type  : Slow 1200mV 0C Model Removal 'altera_reserved_tck'
Slack : 1.070
TNS   : 0.000

Type  : Slow 1200mV 0C Model Removal 'clk'
Slack : 8.652
TNS   : 0.000

Type  : Slow 1200mV 0C Model Minimum Pulse Width 'clkIn'
Slack : 9.778
TNS   : 0.000

Type  : Slow 1200mV 0C Model Minimum Pulse Width 'altera_reserved_tck'
Slack : 49.500
TNS   : 0.000

Type  : Slow 1200mV 0C Model Minimum Pulse Width 'clk'
Slack : 59.675
TNS   : 0.000

Type  : Fast 1200mV 0C Model Setup 'clkIn'
Slack : 18.786
TNS   : 0.000

Type  : Fast 1200mV 0C Model Setup 'altera_reserved_tck'
Slack : 45.912
TNS   : 0.000

Type  : Fast 1200mV 0C Model Setup 'clk'
Slack : 71.412
TNS   : 0.000

Type  : Fast 1200mV 0C Model Hold 'clk'
Slack : 0.132
TNS   : 0.000

Type  : Fast 1200mV 0C Model Hold 'clkIn'
Slack : 0.162
TNS   : 0.000

Type  : Fast 1200mV 0C Model Hold 'altera_reserved_tck'
Slack : 0.180
TNS   : 0.000

Type  : Fast 1200mV 0C Model Recovery 'altera_reserved_tck'
Slack : 97.468
TNS   : 0.000

Type  : Fast 1200mV 0C Model Recovery 'clk'
Slack : 114.270
TNS   : 0.000

Type  : Fast 1200mV 0C Model Removal 'altera_reserved_tck'
Slack : 0.556
TNS   : 0.000

Type  : Fast 1200mV 0C Model Removal 'clk'
Slack : 5.027
TNS   : 0.000

Type  : Fast 1200mV 0C Model Minimum Pulse Width 'clkIn'
Slack : 9.437
TNS   : 0.000

Type  : Fast 1200mV 0C Model Minimum Pulse Width 'altera_reserved_tck'
Slack : 49.458
TNS   : 0.000

Type  : Fast 1200mV 0C Model Minimum Pulse Width 'clk'
Slack : 59.537
TNS   : 0.000

------------------------------------------------------------
