------------------------------------------------------------
Timing Analyzer Summary
------------------------------------------------------------

Type  : Slow 1200mV 85C Model Setup 'clkIn'
Slack : 17.665
TNS   : 0.000

Type  : Slow 1200mV 85C Model Setup 'clk'
Slack : 24.476
TNS   : 0.000

Type  : Slow 1200mV 85C Model Hold 'clkIn'
Slack : 0.382
TNS   : 0.000

Type  : Slow 1200mV 85C Model Hold 'clk'
Slack : 0.402
TNS   : 0.000

Type  : Slow 1200mV 85C Model Recovery 'clk'
Slack : 113.308
TNS   : 0.000

Type  : Slow 1200mV 85C Model Removal 'clk'
Slack : 5.756
TNS   : 0.000

Type  : Slow 1200mV 85C Model Minimum Pulse Width 'clkIn'
Slack : 9.757
TNS   : 0.000

Type  : Slow 1200mV 85C Model Minimum Pulse Width 'clk'
Slack : 59.656
TNS   : 0.000

Type  : Slow 1200mV 0C Model Setup 'clkIn'
Slack : 17.911
TNS   : 0.000

Type  : Slow 1200mV 0C Model Setup 'clk'
Slack : 33.704
TNS   : 0.000

Type  : Slow 1200mV 0C Model Hold 'clkIn'
Slack : 0.333
TNS   : 0.000

Type  : Slow 1200mV 0C Model Hold 'clk'
Slack : 0.352
TNS   : 0.000

Type  : Slow 1200mV 0C Model Recovery 'clk'
Slack : 113.937
TNS   : 0.000

Type  : Slow 1200mV 0C Model Removal 'clk'
Slack : 5.125
TNS   : 0.000

Type  : Slow 1200mV 0C Model Minimum Pulse Width 'clkIn'
Slack : 9.779
TNS   : 0.000

Type  : Slow 1200mV 0C Model Minimum Pulse Width 'clk'
Slack : 59.634
TNS   : 0.000

Type  : Fast 1200mV 0C Model Setup 'clkIn'
Slack : 18.863
TNS   : 0.000

Type  : Fast 1200mV 0C Model Setup 'clk'
Slack : 72.250
TNS   : 0.000

Type  : Fast 1200mV 0C Model Hold 'clkIn'
Slack : 0.161
TNS   : 0.000

Type  : Fast 1200mV 0C Model Hold 'clk'
Slack : 0.179
TNS   : 0.000

Type  : Fast 1200mV 0C Model Recovery 'clk'
Slack : 116.299
TNS   : 0.000

Type  : Fast 1200mV 0C Model Removal 'clk'
Slack : 3.108
TNS   : 0.000

Type  : Fast 1200mV 0C Model Minimum Pulse Width 'clkIn'
Slack : 9.439
TNS   : 0.000

Type  : Fast 1200mV 0C Model Minimum Pulse Width 'clk'
Slack : 59.660
TNS   : 0.000

------------------------------------------------------------
